Godot Engine v4.7.2.stable.official.ed1daf0bf - https://godotengine.org

ERROR: Resource file not found: res://Assets/Tilesets/StrangeCowboy/Player/reticle_norm.png (expected type: unknown)
   at: _load (core/io/resource_loader.cpp:325)
   GDScript backtrace (most recent call first):
       [0] @implicit_new (res://Scripts/settings_manager.gd:34)
ERROR: Resource file not found: res://Assets/Tilesets/StrangeCowboy/Player/reticle_clicked.png (expected type: unknown)
   at: _load (core/io/resource_loader.cpp:325)
   GDScript backtrace (most recent call first):
       [0] @implicit_new (res://Scripts/settings_manager.gd:35)
ERROR: Failed to read the root certificate store.
   at: get_system_ca_certificates (platform/windows/os_windows.cpp:2582)
WARNING: res://Scenes/Objects/Enemies/EnemyBullet.tscn:3 - ext_resource, invalid UID: uid://d11nabp33j16k - using text path instead: res://Assets/Tilesets/StrangeCowboy/Player/Bullet.png
   at: load (scene/resources/resource_format_text.cpp:501)
   GDScript backtrace (most recent call first):
       [0] _ready (res://Scripts/Menus/act_select.gd:48)
ERROR: Resource file not found: res://Assets/Tilesets/StrangeCowboy/Player/Bullet.png (expected type: Texture2D)
   at: _load (core/io/resource_loader.cpp:325)
   GDScript backtrace (most recent call first):
       [0] _ready (res://Scripts/Menus/act_select.gd:48)
ERROR: res://Scenes/Objects/Enemies/EnemyBullet.tscn:51 - Parse Error: [ext_resource] referenced non-existent resource at: res://Assets/Tilesets/StrangeCowboy/Player/Bullet.png.
   at: _printerr (scene/resources/resource_format_text.cpp:41)
   GDScript backtrace (most recent call first):
       [0] _ready (res://Scripts/Menus/act_select.gd:48)
MENU_CHECK PASS profile button opens dialog
MENU_CHECK PASS Options mouse click changes scene
MENU_CHECK PASS key bindings script loads
MENU_CHECK PASS Options back returns to menu
WARNING: res://Scenes/Levels/Tutorial/tut_01.tscn:6 - ext_resource, invalid UID: uid://053bcm4syd57 - using text path instead: res://Assets/Tilesets/StrangeCowboy/Decorations/DecorationSheet.png
   at: load (scene/resources/resource_format_text.cpp:501)
   GDScript backtrace (most recent call first):
       [0] _change_menu_scene (res://Scripts/MainMenu/menu.gd:159)
       [1] credits_button_pressed (res://Scripts/MainMenu/menu.gd:77)
ERROR: Resource file not found: res://Assets/Tilesets/StrangeCowboy/Decorations/DecorationSheet.png (expected type: Texture2D)
   at: _load (core/io/resource_loader.cpp:325)
   GDScript backtrace (most recent call first):
       [0] _change_menu_scene (res://Scripts/MainMenu/menu.gd:159)
       [1] credits_button_pressed (res://Scripts/MainMenu/menu.gd:77)
ERROR: res://Scenes/Levels/Tutorial/tut_01.tscn:52 - Parse Error: [ext_resource] referenced non-existent resource at: res://Assets/Tilesets/StrangeCowboy/Decorations/DecorationSheet.png.
   at: _printerr (scene/resources/resource_format_text.cpp:41)
   GDScript backtrace (most recent call first):
       [0] _change_menu_scene (res://Scripts/MainMenu/menu.gd:159)
       [1] credits_button_pressed (res://Scripts/MainMenu/menu.gd:77)
ERROR: res://Scenes/Levels/Tutorial/tut_01.tscn:63 - Parse Error: [ext_resource] referenced non-existent resource at: res://Assets/Tilesets/StrangeCowboy/Decorations/DecorationSheet.png.
   at: _printerr (scene/resources/resource_format_text.cpp:41)
   GDScript backtrace (most recent call first):
       [0] _change_menu_scene (res://Scripts/MainMenu/menu.gd:159)
       [1] credits_button_pressed (res://Scripts/MainMenu/menu.gd:77)
MENU_CHECK PASS Credits mouse click changes scene
ERROR: Cannot open file 'res://Scenes/__missing_menu_check__.tscn'.
   at: load (scene/resources/resource_format_text.cpp:1442)
   GDScript backtrace (most recent call first):
       [0] _change_menu_scene (res://Scripts/MainMenu/menu.gd:159)
       [1] run (res://../.path-audit/menu-interaction-check.gd:41)
       [2] open_menu (res://../.path-audit/menu-interaction-check.gd:12)
ERROR: Failed loading resource: res://Scenes/__missing_menu_check__.tscn.
   at: _load (core/io/resource_loader.cpp:317)
   GDScript backtrace (most recent call first):
       [0] _change_menu_scene (res://Scripts/MainMenu/menu.gd:159)
       [1] run (res://../.path-audit/menu-interaction-check.gd:41)
       [2] open_menu (res://../.path-audit/menu-interaction-check.gd:12)
ERROR: Could not open menu scene res://Scenes/__missing_menu_check__.tscn: Can't open
   at: push_error (core/variant/variant_utility.cpp:1023)
   GDScript backtrace (most recent call first):
       [0] _change_menu_scene (res://Scripts/MainMenu/menu.gd:162)
       [1] run (res://../.path-audit/menu-interaction-check.gd:41)
       [2] open_menu (res://../.path-audit/menu-interaction-check.gd:12)
MENU_CHECK PASS failed transition releases button lock
1920.0
MENU_CHECK PASS New Game mouse click opens moved cutscene
MENU_CHECK_DONE failures=0
