Godot Engine v4.7.2.stable.official.ed1daf0bf - https://godotengine.org

ERROR: Failed to read the root certificate store.
   at: get_system_ca_certificates (platform/windows/os_windows.cpp:2582)
AUDIT_BEGIN|res://default_bus_layout.tres
AUDIT_RESULT|OK|res://default_bus_layout.tres
AUDIT_BEGIN|res://Assets/Images/Tilemap/Object/fuse_tileset.tres
AUDIT_RESULT|OK|res://Assets/Images/Tilemap/Object/fuse_tileset.tres
AUDIT_BEGIN|res://Assets/Images/Tilemap/Object/rope_tileset.tres
AUDIT_RESULT|OK|res://Assets/Images/Tilemap/Object/rope_tileset.tres
AUDIT_BEGIN|res://Assets/Images/Tilemap/Terrain/desert_tileset.tres
AUDIT_RESULT|OK|res://Assets/Images/Tilemap/Terrain/desert_tileset.tres
AUDIT_BEGIN|res://Scenes/Components/Enemy_Component.tscn
AUDIT_RESULT|OK|res://Scenes/Components/Enemy_Component.tscn
AUDIT_BEGIN|res://Scenes/Components/Health_Component.tscn
AUDIT_RESULT|OK|res://Scenes/Components/Health_Component.tscn
AUDIT_BEGIN|res://Scenes/Components/Hitbox_Component.tscn
AUDIT_RESULT|OK|res://Scenes/Components/Hitbox_Component.tscn
AUDIT_BEGIN|res://Scenes/Levels/Cutscene.tscn
AUDIT_RESULT|OK|res://Scenes/Levels/Cutscene.tscn
AUDIT_BEGIN|res://Scenes/Levels/act_select.tscn
AUDIT_RESULT|OK|res://Scenes/Levels/act_select.tscn
AUDIT_BEGIN|res://Scenes/Levels/main_game.tscn
AUDIT_RESULT|OK|res://Scenes/Levels/main_game.tscn
AUDIT_BEGIN|res://Scenes/Levels/playground.tscn
AUDIT_RESULT|OK|res://Scenes/Levels/playground.tscn
AUDIT_BEGIN|res://Scenes/Levels/Act 1/act1_lvl1.tscn
AUDIT_RESULT|OK|res://Scenes/Levels/Act 1/act1_lvl1.tscn
AUDIT_BEGIN|res://Scenes/Levels/Act 1/act1_lvl10.tscn
AUDIT_RESULT|OK|res://Scenes/Levels/Act 1/act1_lvl10.tscn
AUDIT_BEGIN|res://Scenes/Levels/Act 1/act1_lvl11.tscn
AUDIT_RESULT|OK|res://Scenes/Levels/Act 1/act1_lvl11.tscn
AUDIT_BEGIN|res://Scenes/Levels/Act 1/act1_lvl12.tscn
AUDIT_RESULT|OK|res://Scenes/Levels/Act 1/act1_lvl12.tscn
AUDIT_BEGIN|res://Scenes/Levels/Act 1/act1_lvl2.tscn
AUDIT_RESULT|OK|res://Scenes/Levels/Act 1/act1_lvl2.tscn
AUDIT_BEGIN|res://Scenes/Levels/Act 1/act1_lvl3.tscn
AUDIT_RESULT|OK|res://Scenes/Levels/Act 1/act1_lvl3.tscn
AUDIT_BEGIN|res://Scenes/Levels/Act 1/act1_lvl4.tscn
AUDIT_RESULT|OK|res://Scenes/Levels/Act 1/act1_lvl4.tscn
AUDIT_BEGIN|res://Scenes/Levels/Act 1/act1_lvl5.tscn
AUDIT_RESULT|OK|res://Scenes/Levels/Act 1/act1_lvl5.tscn
AUDIT_BEGIN|res://Scenes/Levels/Act 1/act1_lvl6.tscn
AUDIT_RESULT|OK|res://Scenes/Levels/Act 1/act1_lvl6.tscn
AUDIT_BEGIN|res://Scenes/Levels/Act 1/act1_lvl7.tscn
AUDIT_RESULT|OK|res://Scenes/Levels/Act 1/act1_lvl7.tscn
AUDIT_BEGIN|res://Scenes/Levels/Act 1/act1_lvl8.tscn
AUDIT_RESULT|OK|res://Scenes/Levels/Act 1/act1_lvl8.tscn
AUDIT_BEGIN|res://Scenes/Levels/Act 1/act1_lvl9.tscn
AUDIT_RESULT|OK|res://Scenes/Levels/Act 1/act1_lvl9.tscn
AUDIT_BEGIN|res://Scenes/Levels/Act 2/act2_lvl1.tscn
AUDIT_RESULT|OK|res://Scenes/Levels/Act 2/act2_lvl1.tscn
AUDIT_BEGIN|res://Scenes/Levels/Act 2/act2_lvl10.tscn
AUDIT_RESULT|OK|res://Scenes/Levels/Act 2/act2_lvl10.tscn
AUDIT_BEGIN|res://Scenes/Levels/Act 2/act2_lvl11.tscn
AUDIT_RESULT|OK|res://Scenes/Levels/Act 2/act2_lvl11.tscn
AUDIT_BEGIN|res://Scenes/Levels/Act 2/act2_lvl12.tscn
AUDIT_RESULT|OK|res://Scenes/Levels/Act 2/act2_lvl12.tscn
AUDIT_BEGIN|res://Scenes/Levels/Act 2/act2_lvl2.tscn
AUDIT_RESULT|OK|res://Scenes/Levels/Act 2/act2_lvl2.tscn
AUDIT_BEGIN|res://Scenes/Levels/Act 2/act2_lvl3.tscn
AUDIT_RESULT|OK|res://Scenes/Levels/Act 2/act2_lvl3.tscn
AUDIT_BEGIN|res://Scenes/Levels/Act 2/act2_lvl4.tscn
AUDIT_RESULT|OK|res://Scenes/Levels/Act 2/act2_lvl4.tscn
AUDIT_BEGIN|res://Scenes/Levels/Act 2/act2_lvl5.tscn
AUDIT_RESULT|OK|res://Scenes/Levels/Act 2/act2_lvl5.tscn
AUDIT_BEGIN|res://Scenes/Levels/Act 2/act2_lvl6.tscn
AUDIT_RESULT|OK|res://Scenes/Levels/Act 2/act2_lvl6.tscn
AUDIT_BEGIN|res://Scenes/Levels/Act 2/act2_lvl8.tscn
AUDIT_RESULT|OK|res://Scenes/Levels/Act 2/act2_lvl8.tscn
AUDIT_BEGIN|res://Scenes/Levels/Act 2/act2_lvl9.tscn
AUDIT_RESULT|OK|res://Scenes/Levels/Act 2/act2_lvl9.tscn
AUDIT_BEGIN|res://Scenes/Levels/Act 3/act3_lvl1.tscn
AUDIT_RESULT|OK|res://Scenes/Levels/Act 3/act3_lvl1.tscn
AUDIT_BEGIN|res://Scenes/Levels/Act 3/act3_lvl11.tscn
AUDIT_RESULT|OK|res://Scenes/Levels/Act 3/act3_lvl11.tscn
AUDIT_BEGIN|res://Scenes/Levels/Act 3/act3_lvl12.tscn
AUDIT_RESULT|OK|res://Scenes/Levels/Act 3/act3_lvl12.tscn
AUDIT_BEGIN|res://Scenes/Levels/Act 3/act3_lvl2.tscn
AUDIT_RESULT|OK|res://Scenes/Levels/Act 3/act3_lvl2.tscn
AUDIT_BEGIN|res://Scenes/Levels/Act 3/act3_lvl5.tscn
AUDIT_RESULT|OK|res://Scenes/Levels/Act 3/act3_lvl5.tscn
AUDIT_BEGIN|res://Scenes/Levels/Tutorial/tut_01.tscn
AUDIT_RESULT|OK|res://Scenes/Levels/Tutorial/tut_01.tscn
AUDIT_BEGIN|res://Scenes/Levels/Tutorial/tut_02.tscn
AUDIT_RESULT|OK|res://Scenes/Levels/Tutorial/tut_02.tscn
AUDIT_BEGIN|res://Scenes/Levels/Tutorial/tut_03.tscn
AUDIT_RESULT|OK|res://Scenes/Levels/Tutorial/tut_03.tscn
AUDIT_BEGIN|res://Scenes/Objects/Boulder.tscn
AUDIT_RESULT|OK|res://Scenes/Objects/Boulder.tscn
AUDIT_BEGIN|res://Scenes/Objects/BouncyBurst.tscn
AUDIT_RESULT|OK|res://Scenes/Objects/BouncyBurst.tscn
AUDIT_BEGIN|res://Scenes/Objects/BouncyLockBox.tscn
AUDIT_RESULT|OK|res://Scenes/Objects/BouncyLockBox.tscn
AUDIT_BEGIN|res://Scenes/Objects/Dynamite.tscn
AUDIT_RESULT|OK|res://Scenes/Objects/Dynamite.tscn
AUDIT_BEGIN|res://Scenes/Objects/FireDroplet.tscn
AUDIT_RESULT|OK|res://Scenes/Objects/FireDroplet.tscn
AUDIT_BEGIN|res://Scenes/Objects/FlameField.tscn
AUDIT_RESULT|OK|res://Scenes/Objects/FlameField.tscn
AUDIT_BEGIN|res://Scenes/Objects/Fuse.tscn
AUDIT_RESULT|OK|res://Scenes/Objects/Fuse.tscn
AUDIT_BEGIN|res://Scenes/Objects/IceCube.tscn
AUDIT_RESULT|OK|res://Scenes/Objects/IceCube.tscn
AUDIT_BEGIN|res://Scenes/Objects/LockBox.tscn
AUDIT_RESULT|OK|res://Scenes/Objects/LockBox.tscn
AUDIT_BEGIN|res://Scenes/Objects/MouseReticle.tscn
AUDIT_RESULT|OK|res://Scenes/Objects/MouseReticle.tscn
AUDIT_BEGIN|res://Scenes/Objects/Platform.tscn
AUDIT_RESULT|OK|res://Scenes/Objects/Platform.tscn
AUDIT_BEGIN|res://Scenes/Objects/Rope.tscn
AUDIT_RESULT|OK|res://Scenes/Objects/Rope.tscn
AUDIT_BEGIN|res://Scenes/Objects/Spikes.tscn
AUDIT_RESULT|OK|res://Scenes/Objects/Spikes.tscn
AUDIT_BEGIN|res://Scenes/Objects/Breakables/crate.tscn
AUDIT_RESULT|OK|res://Scenes/Objects/Breakables/crate.tscn
AUDIT_BEGIN|res://Scenes/Objects/Breakables/target.tscn
AUDIT_RESULT|OK|res://Scenes/Objects/Breakables/target.tscn
AUDIT_BEGIN|res://Scenes/Objects/Breakables/template_breakable.tscn
AUDIT_RESULT|OK|res://Scenes/Objects/Breakables/template_breakable.tscn
AUDIT_BEGIN|res://Scenes/Objects/Bullets/bullet.tscn
AUDIT_RESULT|OK|res://Scenes/Objects/Bullets/bullet.tscn
AUDIT_BEGIN|res://Scenes/Objects/Bullets/fire_bullet.tscn
AUDIT_RESULT|OK|res://Scenes/Objects/Bullets/fire_bullet.tscn
AUDIT_BEGIN|res://Scenes/Objects/Bullets/fly_bullet.tscn
AUDIT_RESULT|OK|res://Scenes/Objects/Bullets/fly_bullet.tscn
AUDIT_BEGIN|res://Scenes/Objects/Bullets/ice_bullet.tscn
AUDIT_RESULT|OK|res://Scenes/Objects/Bullets/ice_bullet.tscn
AUDIT_BEGIN|res://Scenes/Objects/Bullets/key_bullet.tscn
AUDIT_RESULT|OK|res://Scenes/Objects/Bullets/key_bullet.tscn
AUDIT_BEGIN|res://Scenes/Objects/Bullets/piercing_bullet.tscn
AUDIT_RESULT|OK|res://Scenes/Objects/Bullets/piercing_bullet.tscn
AUDIT_BEGIN|res://Scenes/Objects/Bullets/rubber_bullet.tscn
AUDIT_RESULT|OK|res://Scenes/Objects/Bullets/rubber_bullet.tscn
AUDIT_BEGIN|res://Scenes/Objects/Bullets/swap_bullet.tscn
AUDIT_RESULT|OK|res://Scenes/Objects/Bullets/swap_bullet.tscn
AUDIT_BEGIN|res://Scenes/Objects/Decorations/AnimatedWheel.tscn
AUDIT_RESULT|OK|res://Scenes/Objects/Decorations/AnimatedWheel.tscn
AUDIT_BEGIN|res://Scenes/Objects/Decorations/GoldBars.tscn
AUDIT_RESULT|OK|res://Scenes/Objects/Decorations/GoldBars.tscn
AUDIT_BEGIN|res://Scenes/Objects/Decorations/Train Smoke.tscn
AUDIT_RESULT|OK|res://Scenes/Objects/Decorations/Train Smoke.tscn
AUDIT_BEGIN|res://Scenes/Objects/Enemies/EnemyBlocker.tscn
AUDIT_RESULT|OK|res://Scenes/Objects/Enemies/EnemyBlocker.tscn
AUDIT_BEGIN|res://Scenes/Objects/Enemies/EnemyBullet.tscn
AUDIT_RESULT|OK|res://Scenes/Objects/Enemies/EnemyBullet.tscn
AUDIT_BEGIN|res://Scenes/Objects/Enemies/EnemyShotgun.tscn
AUDIT_RESULT|OK|res://Scenes/Objects/Enemies/EnemyShotgun.tscn
AUDIT_BEGIN|res://Scenes/Objects/Enemies/GagDestroyBox.tscn
AUDIT_RESULT|OK|res://Scenes/Objects/Enemies/GagDestroyBox.tscn
AUDIT_BEGIN|res://Scenes/Objects/Enemies/outlaw.tscn
AUDIT_RESULT|OK|res://Scenes/Objects/Enemies/outlaw.tscn
AUDIT_BEGIN|res://Scenes/Objects/Player/player.tscn
AUDIT_RESULT|OK|res://Scenes/Objects/Player/player.tscn
AUDIT_BEGIN|res://Scenes/Objects/Player/revolver.tscn
AUDIT_RESULT|OK|res://Scenes/Objects/Player/revolver.tscn
AUDIT_BEGIN|res://Scenes/Objects/PowerUps/BulletSwap.tscn
AUDIT_RESULT|OK|res://Scenes/Objects/PowerUps/BulletSwap.tscn
AUDIT_BEGIN|res://Scenes/Objects/PowerUps/ChamberSwap.tscn
AUDIT_RESULT|OK|res://Scenes/Objects/PowerUps/ChamberSwap.tscn
AUDIT_BEGIN|res://Scenes/Objects/PowerUps/Key.tscn
AUDIT_RESULT|OK|res://Scenes/Objects/PowerUps/Key.tscn
AUDIT_BEGIN|res://Scenes/Objects/PowerUps/ghost_key.tscn
AUDIT_RESULT|OK|res://Scenes/Objects/PowerUps/ghost_key.tscn
AUDIT_BEGIN|res://Scenes/UI/MouseReticle.tscn
AUDIT_RESULT|OK|res://Scenes/UI/MouseReticle.tscn
AUDIT_BEGIN|res://Scenes/UI/WorldActionHint.tscn
AUDIT_RESULT|OK|res://Scenes/UI/WorldActionHint.tscn
AUDIT_BEGIN|res://Scenes/UI/act_score_screen.tscn
AUDIT_RESULT|OK|res://Scenes/UI/act_score_screen.tscn
AUDIT_BEGIN|res://Scenes/UI/credits.tscn
AUDIT_RESULT|OK|res://Scenes/UI/credits.tscn
AUDIT_BEGIN|res://Scenes/UI/end_of_act.tscn
AUDIT_RESULT|OK|res://Scenes/UI/end_of_act.tscn
AUDIT_BEGIN|res://Scenes/UI/temp_score_scene.tscn
AUDIT_RESULT|OK|res://Scenes/UI/temp_score_scene.tscn
AUDIT_BEGIN|res://Scenes/UI/Chamber/chamber.tscn
AUDIT_RESULT|OK|res://Scenes/UI/Chamber/chamber.tscn
AUDIT_BEGIN|res://Scenes/UI/Controls/0.tscn
AUDIT_RESULT|OK|res://Scenes/UI/Controls/0.tscn
AUDIT_BEGIN|res://Scenes/UI/Controls/1.tscn
AUDIT_RESULT|OK|res://Scenes/UI/Controls/1.tscn
AUDIT_BEGIN|res://Scenes/UI/Controls/2.tscn
AUDIT_RESULT|OK|res://Scenes/UI/Controls/2.tscn
AUDIT_BEGIN|res://Scenes/UI/Controls/3.tscn
AUDIT_RESULT|OK|res://Scenes/UI/Controls/3.tscn
AUDIT_BEGIN|res://Scenes/UI/Controls/4.tscn
AUDIT_RESULT|OK|res://Scenes/UI/Controls/4.tscn
AUDIT_BEGIN|res://Scenes/UI/Controls/5.tscn
AUDIT_RESULT|OK|res://Scenes/UI/Controls/5.tscn
AUDIT_BEGIN|res://Scenes/UI/Controls/6.tscn
AUDIT_RESULT|OK|res://Scenes/UI/Controls/6.tscn
AUDIT_BEGIN|res://Scenes/UI/Controls/7.tscn
AUDIT_RESULT|OK|res://Scenes/UI/Controls/7.tscn
AUDIT_BEGIN|res://Scenes/UI/Controls/8.tscn
AUDIT_RESULT|OK|res://Scenes/UI/Controls/8.tscn
AUDIT_BEGIN|res://Scenes/UI/Controls/9.tscn
AUDIT_RESULT|OK|res://Scenes/UI/Controls/9.tscn
AUDIT_BEGIN|res://Scenes/UI/Controls/A.tscn
AUDIT_RESULT|OK|res://Scenes/UI/Controls/A.tscn
AUDIT_BEGIN|res://Scenes/UI/Controls/Alt.tscn
AUDIT_RESULT|OK|res://Scenes/UI/Controls/Alt.tscn
AUDIT_BEGIN|res://Scenes/UI/Controls/Apostrophe.tscn
AUDIT_RESULT|OK|res://Scenes/UI/Controls/Apostrophe.tscn
AUDIT_BEGIN|res://Scenes/UI/Controls/B.tscn
AUDIT_RESULT|OK|res://Scenes/UI/Controls/B.tscn
AUDIT_BEGIN|res://Scenes/UI/Controls/BackSlash.tscn
AUDIT_RESULT|OK|res://Scenes/UI/Controls/BackSlash.tscn
AUDIT_BEGIN|res://Scenes/UI/Controls/Backspace.tscn
AUDIT_RESULT|OK|res://Scenes/UI/Controls/Backspace.tscn
AUDIT_BEGIN|res://Scenes/UI/Controls/BracketLeft.tscn
AUDIT_RESULT|OK|res://Scenes/UI/Controls/BracketLeft.tscn
AUDIT_BEGIN|res://Scenes/UI/Controls/BracketRight.tscn
AUDIT_RESULT|OK|res://Scenes/UI/Controls/BracketRight.tscn
AUDIT_BEGIN|res://Scenes/UI/Controls/C.tscn
AUDIT_RESULT|OK|res://Scenes/UI/Controls/C.tscn
AUDIT_BEGIN|res://Scenes/UI/Controls/Comma.tscn
AUDIT_RESULT|OK|res://Scenes/UI/Controls/Comma.tscn
AUDIT_BEGIN|res://Scenes/UI/Controls/Control.tscn
AUDIT_RESULT|OK|res://Scenes/UI/Controls/Control.tscn
AUDIT_BEGIN|res://Scenes/UI/Controls/ControllerA.tscn
AUDIT_RESULT|OK|res://Scenes/UI/Controls/ControllerA.tscn
AUDIT_BEGIN|res://Scenes/UI/Controls/ControllerB.tscn
AUDIT_RESULT|OK|res://Scenes/UI/Controls/ControllerB.tscn
AUDIT_BEGIN|res://Scenes/UI/Controls/ControllerDPadDown.tscn
AUDIT_RESULT|OK|res://Scenes/UI/Controls/ControllerDPadDown.tscn
AUDIT_BEGIN|res://Scenes/UI/Controls/ControllerDPadLeft.tscn
AUDIT_RESULT|OK|res://Scenes/UI/Controls/ControllerDPadLeft.tscn
AUDIT_BEGIN|res://Scenes/UI/Controls/ControllerDPadRight.tscn
AUDIT_RESULT|OK|res://Scenes/UI/Controls/ControllerDPadRight.tscn
AUDIT_BEGIN|res://Scenes/UI/Controls/ControllerDPadUp.tscn
AUDIT_RESULT|OK|res://Scenes/UI/Controls/ControllerDPadUp.tscn
AUDIT_BEGIN|res://Scenes/UI/Controls/ControllerHome.tscn
AUDIT_RESULT|OK|res://Scenes/UI/Controls/ControllerHome.tscn
AUDIT_BEGIN|res://Scenes/UI/Controls/ControllerL1.tscn
AUDIT_RESULT|OK|res://Scenes/UI/Controls/ControllerL1.tscn
AUDIT_BEGIN|res://Scenes/UI/Controls/ControllerL2.tscn
AUDIT_RESULT|OK|res://Scenes/UI/Controls/ControllerL2.tscn
AUDIT_BEGIN|res://Scenes/UI/Controls/ControllerL3.tscn
AUDIT_RESULT|OK|res://Scenes/UI/Controls/ControllerL3.tscn
AUDIT_BEGIN|res://Scenes/UI/Controls/ControllerL4.tscn
AUDIT_RESULT|OK|res://Scenes/UI/Controls/ControllerL4.tscn
AUDIT_BEGIN|res://Scenes/UI/Controls/ControllerL5.tscn
AUDIT_RESULT|OK|res://Scenes/UI/Controls/ControllerL5.tscn
AUDIT_BEGIN|res://Scenes/UI/Controls/ControllerLP.tscn
AUDIT_RESULT|OK|res://Scenes/UI/Controls/ControllerLP.tscn
AUDIT_BEGIN|res://Scenes/UI/Controls/ControllerLStickDown.tscn
AUDIT_RESULT|OK|res://Scenes/UI/Controls/ControllerLStickDown.tscn
AUDIT_BEGIN|res://Scenes/UI/Controls/ControllerLStickDownLeft.tscn
AUDIT_RESULT|OK|res://Scenes/UI/Controls/ControllerLStickDownLeft.tscn
AUDIT_BEGIN|res://Scenes/UI/Controls/ControllerLStickDownRight.tscn
AUDIT_RESULT|OK|res://Scenes/UI/Controls/ControllerLStickDownRight.tscn
AUDIT_BEGIN|res://Scenes/UI/Controls/ControllerLStickLeft.tscn
AUDIT_RESULT|OK|res://Scenes/UI/Controls/ControllerLStickLeft.tscn
AUDIT_BEGIN|res://Scenes/UI/Controls/ControllerLStickRight.tscn
AUDIT_RESULT|OK|res://Scenes/UI/Controls/ControllerLStickRight.tscn
AUDIT_BEGIN|res://Scenes/UI/Controls/ControllerLStickUp.tscn
AUDIT_RESULT|OK|res://Scenes/UI/Controls/ControllerLStickUp.tscn
AUDIT_BEGIN|res://Scenes/UI/Controls/ControllerLStickUpLeft.tscn
AUDIT_RESULT|OK|res://Scenes/UI/Controls/ControllerLStickUpLeft.tscn
AUDIT_BEGIN|res://Scenes/UI/Controls/ControllerLStickUpRight.tscn
AUDIT_RESULT|OK|res://Scenes/UI/Controls/ControllerLStickUpRight.tscn
AUDIT_BEGIN|res://Scenes/UI/Controls/ControllerMenu.tscn
AUDIT_RESULT|OK|res://Scenes/UI/Controls/ControllerMenu.tscn
AUDIT_BEGIN|res://Scenes/UI/Controls/ControllerR1.tscn
AUDIT_RESULT|OK|res://Scenes/UI/Controls/ControllerR1.tscn
AUDIT_BEGIN|res://Scenes/UI/Controls/ControllerR2.tscn
AUDIT_RESULT|OK|res://Scenes/UI/Controls/ControllerR2.tscn
AUDIT_BEGIN|res://Scenes/UI/Controls/ControllerR3.tscn
AUDIT_RESULT|OK|res://Scenes/UI/Controls/ControllerR3.tscn
AUDIT_BEGIN|res://Scenes/UI/Controls/ControllerR4.tscn
AUDIT_RESULT|OK|res://Scenes/UI/Controls/ControllerR4.tscn
AUDIT_BEGIN|res://Scenes/UI/Controls/ControllerR5.tscn
AUDIT_RESULT|OK|res://Scenes/UI/Controls/ControllerR5.tscn
AUDIT_BEGIN|res://Scenes/UI/Controls/ControllerRP.tscn
AUDIT_RESULT|OK|res://Scenes/UI/Controls/ControllerRP.tscn
AUDIT_BEGIN|res://Scenes/UI/Controls/ControllerRStickDown.tscn
AUDIT_RESULT|OK|res://Scenes/UI/Controls/ControllerRStickDown.tscn
AUDIT_BEGIN|res://Scenes/UI/Controls/ControllerRStickDownLeft.tscn
AUDIT_RESULT|OK|res://Scenes/UI/Controls/ControllerRStickDownLeft.tscn
AUDIT_BEGIN|res://Scenes/UI/Controls/ControllerRStickDownRight.tscn
AUDIT_RESULT|OK|res://Scenes/UI/Controls/ControllerRStickDownRight.tscn
AUDIT_BEGIN|res://Scenes/UI/Controls/ControllerRStickLeft.tscn
AUDIT_RESULT|OK|res://Scenes/UI/Controls/ControllerRStickLeft.tscn
AUDIT_BEGIN|res://Scenes/UI/Controls/ControllerRStickRight.tscn
AUDIT_RESULT|OK|res://Scenes/UI/Controls/ControllerRStickRight.tscn
AUDIT_BEGIN|res://Scenes/UI/Controls/ControllerRStickUp.tscn
AUDIT_RESULT|OK|res://Scenes/UI/Controls/ControllerRStickUp.tscn
AUDIT_BEGIN|res://Scenes/UI/Controls/ControllerRStickUpLeft.tscn
AUDIT_RESULT|OK|res://Scenes/UI/Controls/ControllerRStickUpLeft.tscn
AUDIT_BEGIN|res://Scenes/UI/Controls/ControllerRStickUpRight.tscn
AUDIT_RESULT|OK|res://Scenes/UI/Controls/ControllerRStickUpRight.tscn
AUDIT_BEGIN|res://Scenes/UI/Controls/ControllerShare.tscn
AUDIT_RESULT|OK|res://Scenes/UI/Controls/ControllerShare.tscn
AUDIT_BEGIN|res://Scenes/UI/Controls/ControllerView.tscn
AUDIT_RESULT|OK|res://Scenes/UI/Controls/ControllerView.tscn
AUDIT_BEGIN|res://Scenes/UI/Controls/ControllerX.tscn
AUDIT_RESULT|OK|res://Scenes/UI/Controls/ControllerX.tscn
AUDIT_BEGIN|res://Scenes/UI/Controls/ControllerY.tscn
AUDIT_RESULT|OK|res://Scenes/UI/Controls/ControllerY.tscn
AUDIT_BEGIN|res://Scenes/UI/Controls/Ctrl.tscn
AUDIT_RESULT|OK|res://Scenes/UI/Controls/Ctrl.tscn
AUDIT_BEGIN|res://Scenes/UI/Controls/D.tscn
AUDIT_RESULT|OK|res://Scenes/UI/Controls/D.tscn
AUDIT_BEGIN|res://Scenes/UI/Controls/Delete.tscn
AUDIT_RESULT|OK|res://Scenes/UI/Controls/Delete.tscn
AUDIT_BEGIN|res://Scenes/UI/Controls/Down.tscn
AUDIT_RESULT|OK|res://Scenes/UI/Controls/Down.tscn
AUDIT_BEGIN|res://Scenes/UI/Controls/E.tscn
AUDIT_RESULT|OK|res://Scenes/UI/Controls/E.tscn
AUDIT_BEGIN|res://Scenes/UI/Controls/End.tscn
AUDIT_RESULT|OK|res://Scenes/UI/Controls/End.tscn
AUDIT_BEGIN|res://Scenes/UI/Controls/Enter.tscn
AUDIT_RESULT|OK|res://Scenes/UI/Controls/Enter.tscn
AUDIT_BEGIN|res://Scenes/UI/Controls/Equal.tscn
AUDIT_RESULT|OK|res://Scenes/UI/Controls/Equal.tscn
AUDIT_BEGIN|res://Scenes/UI/Controls/Escape.tscn
AUDIT_RESULT|OK|res://Scenes/UI/Controls/Escape.tscn
AUDIT_BEGIN|res://Scenes/UI/Controls/F.tscn
AUDIT_RESULT|OK|res://Scenes/UI/Controls/F.tscn
AUDIT_BEGIN|res://Scenes/UI/Controls/F1.tscn
AUDIT_RESULT|OK|res://Scenes/UI/Controls/F1.tscn
AUDIT_BEGIN|res://Scenes/UI/Controls/F10.tscn
AUDIT_RESULT|OK|res://Scenes/UI/Controls/F10.tscn
AUDIT_BEGIN|res://Scenes/UI/Controls/F11.tscn
AUDIT_RESULT|OK|res://Scenes/UI/Controls/F11.tscn
AUDIT_BEGIN|res://Scenes/UI/Controls/F12.tscn
AUDIT_RESULT|OK|res://Scenes/UI/Controls/F12.tscn
AUDIT_BEGIN|res://Scenes/UI/Controls/F2.tscn
AUDIT_RESULT|OK|res://Scenes/UI/Controls/F2.tscn
AUDIT_BEGIN|res://Scenes/UI/Controls/F3.tscn
AUDIT_RESULT|OK|res://Scenes/UI/Controls/F3.tscn
AUDIT_BEGIN|res://Scenes/UI/Controls/F4.tscn
AUDIT_RESULT|OK|res://Scenes/UI/Controls/F4.tscn
AUDIT_BEGIN|res://Scenes/UI/Controls/F5.tscn
AUDIT_RESULT|OK|res://Scenes/UI/Controls/F5.tscn
AUDIT_BEGIN|res://Scenes/UI/Controls/F6.tscn
AUDIT_RESULT|OK|res://Scenes/UI/Controls/F6.tscn
AUDIT_BEGIN|res://Scenes/UI/Controls/F7.tscn
AUDIT_RESULT|OK|res://Scenes/UI/Controls/F7.tscn
AUDIT_BEGIN|res://Scenes/UI/Controls/F8.tscn
AUDIT_RESULT|OK|res://Scenes/UI/Controls/F8.tscn
AUDIT_BEGIN|res://Scenes/UI/Controls/F9.tscn
AUDIT_RESULT|OK|res://Scenes/UI/Controls/F9.tscn
AUDIT_BEGIN|res://Scenes/UI/Controls/Full Controls.tscn
AUDIT_RESULT|OK|res://Scenes/UI/Controls/Full Controls.tscn
AUDIT_BEGIN|res://Scenes/UI/Controls/G.tscn
AUDIT_RESULT|OK|res://Scenes/UI/Controls/G.tscn
AUDIT_BEGIN|res://Scenes/UI/Controls/H.tscn
AUDIT_RESULT|OK|res://Scenes/UI/Controls/H.tscn
AUDIT_BEGIN|res://Scenes/UI/Controls/Home.tscn
AUDIT_RESULT|OK|res://Scenes/UI/Controls/Home.tscn
AUDIT_BEGIN|res://Scenes/UI/Controls/I.tscn
AUDIT_RESULT|OK|res://Scenes/UI/Controls/I.tscn
AUDIT_BEGIN|res://Scenes/UI/Controls/Insert.tscn
AUDIT_RESULT|OK|res://Scenes/UI/Controls/Insert.tscn
AUDIT_BEGIN|res://Scenes/UI/Controls/J.tscn
AUDIT_RESULT|OK|res://Scenes/UI/Controls/J.tscn
AUDIT_BEGIN|res://Scenes/UI/Controls/K.tscn
AUDIT_RESULT|OK|res://Scenes/UI/Controls/K.tscn
AUDIT_BEGIN|res://Scenes/UI/Controls/L.tscn
AUDIT_RESULT|OK|res://Scenes/UI/Controls/L.tscn
AUDIT_BEGIN|res://Scenes/UI/Controls/Left.tscn
AUDIT_RESULT|OK|res://Scenes/UI/Controls/Left.tscn
AUDIT_BEGIN|res://Scenes/UI/Controls/LeftClick.tscn
AUDIT_RESULT|OK|res://Scenes/UI/Controls/LeftClick.tscn
AUDIT_BEGIN|res://Scenes/UI/Controls/M.tscn
AUDIT_RESULT|OK|res://Scenes/UI/Controls/M.tscn
AUDIT_BEGIN|res://Scenes/UI/Controls/MiddleClick.tscn
AUDIT_RESULT|OK|res://Scenes/UI/Controls/MiddleClick.tscn
AUDIT_BEGIN|res://Scenes/UI/Controls/Minus.tscn
AUDIT_RESULT|OK|res://Scenes/UI/Controls/Minus.tscn
AUDIT_BEGIN|res://Scenes/UI/Controls/N.tscn
AUDIT_RESULT|OK|res://Scenes/UI/Controls/N.tscn
AUDIT_BEGIN|res://Scenes/UI/Controls/O.tscn
AUDIT_RESULT|OK|res://Scenes/UI/Controls/O.tscn
AUDIT_BEGIN|res://Scenes/UI/Controls/P.tscn
AUDIT_RESULT|OK|res://Scenes/UI/Controls/P.tscn
AUDIT_BEGIN|res://Scenes/UI/Controls/PageDown.tscn
AUDIT_RESULT|OK|res://Scenes/UI/Controls/PageDown.tscn
AUDIT_BEGIN|res://Scenes/UI/Controls/PageUp.tscn
AUDIT_RESULT|OK|res://Scenes/UI/Controls/PageUp.tscn
AUDIT_BEGIN|res://Scenes/UI/Controls/Pause.tscn
AUDIT_RESULT|OK|res://Scenes/UI/Controls/Pause.tscn
AUDIT_BEGIN|res://Scenes/UI/Controls/Period.tscn
AUDIT_RESULT|OK|res://Scenes/UI/Controls/Period.tscn
AUDIT_BEGIN|res://Scenes/UI/Controls/Print.tscn
AUDIT_RESULT|OK|res://Scenes/UI/Controls/Print.tscn
AUDIT_BEGIN|res://Scenes/UI/Controls/Q.tscn
AUDIT_RESULT|OK|res://Scenes/UI/Controls/Q.tscn
AUDIT_BEGIN|res://Scenes/UI/Controls/QuestionMark.tscn
AUDIT_RESULT|OK|res://Scenes/UI/Controls/QuestionMark.tscn
AUDIT_BEGIN|res://Scenes/UI/Controls/R.tscn
AUDIT_RESULT|OK|res://Scenes/UI/Controls/R.tscn
AUDIT_BEGIN|res://Scenes/UI/Controls/Right.tscn
AUDIT_RESULT|OK|res://Scenes/UI/Controls/Right.tscn
AUDIT_BEGIN|res://Scenes/UI/Controls/RightClick.tscn
AUDIT_RESULT|OK|res://Scenes/UI/Controls/RightClick.tscn
AUDIT_BEGIN|res://Scenes/UI/Controls/S.tscn
AUDIT_RESULT|OK|res://Scenes/UI/Controls/S.tscn
AUDIT_BEGIN|res://Scenes/UI/Controls/SemiColon.tscn
AUDIT_RESULT|OK|res://Scenes/UI/Controls/SemiColon.tscn
AUDIT_BEGIN|res://Scenes/UI/Controls/Shift.tscn
AUDIT_RESULT|OK|res://Scenes/UI/Controls/Shift.tscn
AUDIT_BEGIN|res://Scenes/UI/Controls/Slash.tscn
AUDIT_RESULT|OK|res://Scenes/UI/Controls/Slash.tscn
AUDIT_BEGIN|res://Scenes/UI/Controls/Space.tscn
AUDIT_RESULT|OK|res://Scenes/UI/Controls/Space.tscn
AUDIT_BEGIN|res://Scenes/UI/Controls/T.tscn
AUDIT_RESULT|OK|res://Scenes/UI/Controls/T.tscn
AUDIT_BEGIN|res://Scenes/UI/Controls/Tab.tscn
AUDIT_RESULT|OK|res://Scenes/UI/Controls/Tab.tscn
AUDIT_BEGIN|res://Scenes/UI/Controls/Tilde.tscn
AUDIT_RESULT|OK|res://Scenes/UI/Controls/Tilde.tscn
AUDIT_BEGIN|res://Scenes/UI/Controls/U.tscn
AUDIT_RESULT|OK|res://Scenes/UI/Controls/U.tscn
AUDIT_BEGIN|res://Scenes/UI/Controls/Up.tscn
AUDIT_RESULT|OK|res://Scenes/UI/Controls/Up.tscn
AUDIT_BEGIN|res://Scenes/UI/Controls/V.tscn
AUDIT_RESULT|OK|res://Scenes/UI/Controls/V.tscn
AUDIT_BEGIN|res://Scenes/UI/Controls/W.tscn
AUDIT_RESULT|OK|res://Scenes/UI/Controls/W.tscn
AUDIT_BEGIN|res://Scenes/UI/Controls/WheelDown.tscn
AUDIT_RESULT|OK|res://Scenes/UI/Controls/WheelDown.tscn
AUDIT_BEGIN|res://Scenes/UI/Controls/WheelUp.tscn
AUDIT_RESULT|OK|res://Scenes/UI/Controls/WheelUp.tscn
AUDIT_BEGIN|res://Scenes/UI/Controls/X.tscn
AUDIT_RESULT|OK|res://Scenes/UI/Controls/X.tscn
AUDIT_BEGIN|res://Scenes/UI/Controls/Y.tscn
AUDIT_RESULT|OK|res://Scenes/UI/Controls/Y.tscn
AUDIT_BEGIN|res://Scenes/UI/Controls/Z.tscn
AUDIT_RESULT|OK|res://Scenes/UI/Controls/Z.tscn
AUDIT_BEGIN|res://Scenes/UI/KeyIndicator/key_indicator.tscn
AUDIT_RESULT|OK|res://Scenes/UI/KeyIndicator/key_indicator.tscn
AUDIT_BEGIN|res://Scenes/UI/MainMenu/credits.tscn
AUDIT_RESULT|OK|res://Scenes/UI/MainMenu/credits.tscn
AUDIT_BEGIN|res://Scenes/UI/MainMenu/menu.tscn
AUDIT_RESULT|OK|res://Scenes/UI/MainMenu/menu.tscn
AUDIT_BEGIN|res://Scenes/UI/MainMenu/newGame.tscn
AUDIT_RESULT|OK|res://Scenes/UI/MainMenu/newGame.tscn
AUDIT_BEGIN|res://Scenes/UI/MainMenu/options.tscn
AUDIT_RESULT|OK|res://Scenes/UI/MainMenu/options.tscn
AUDIT_BEGIN|res://Scenes/UI/MainMenu/profile_menu.tscn
AUDIT_RESULT|OK|res://Scenes/UI/MainMenu/profile_menu.tscn
AUDIT_BEGIN|res://Scenes/UI/MainMenu/statistics.tscn
AUDIT_RESULT|OK|res://Scenes/UI/MainMenu/statistics.tscn
AUDIT_BEGIN|res://Scenes/UI/MainMenu/Options/aimSpeedSlider.tscn
AUDIT_RESULT|OK|res://Scenes/UI/MainMenu/Options/aimSpeedSlider.tscn
AUDIT_BEGIN|res://Scenes/UI/MainMenu/Options/key_bindings.tscn
AUDIT_RESULT|OK|res://Scenes/UI/MainMenu/Options/key_bindings.tscn
AUDIT_BEGIN|res://Scenes/UI/MainMenu/Options/volumeSlider.tscn
AUDIT_RESULT|OK|res://Scenes/UI/MainMenu/Options/volumeSlider.tscn
AUDIT_BEGIN|res://Scenes/UI/PauseMenu/options_pause_menu.tscn
AUDIT_RESULT|OK|res://Scenes/UI/PauseMenu/options_pause_menu.tscn
AUDIT_BEGIN|res://Scenes/UI/PauseMenu/pause_menu.tscn
AUDIT_RESULT|OK|res://Scenes/UI/PauseMenu/pause_menu.tscn
AUDIT_BEGIN|res://Scripts/Bullets/bullet.gd
AUDIT_RESULT|OK|res://Scripts/Bullets/bullet.gd
AUDIT_BEGIN|res://Scripts/Bullets/fire_bullet.gd
AUDIT_RESULT|OK|res://Scripts/Bullets/fire_bullet.gd
AUDIT_BEGIN|res://Scripts/Bullets/fire_droplet.gd
AUDIT_RESULT|OK|res://Scripts/Bullets/fire_droplet.gd
AUDIT_BEGIN|res://Scripts/Bullets/fly_bullet.gd
AUDIT_RESULT|OK|res://Scripts/Bullets/fly_bullet.gd
AUDIT_BEGIN|res://Scripts/Bullets/ice_bullet.gd
AUDIT_RESULT|OK|res://Scripts/Bullets/ice_bullet.gd
AUDIT_BEGIN|res://Scripts/Bullets/ice_cube.gd
AUDIT_RESULT|OK|res://Scripts/Bullets/ice_cube.gd
AUDIT_BEGIN|res://Scripts/Bullets/key_bullet.gd
AUDIT_RESULT|OK|res://Scripts/Bullets/key_bullet.gd
AUDIT_BEGIN|res://Scripts/Bullets/piercing_bullet.gd
AUDIT_RESULT|OK|res://Scripts/Bullets/piercing_bullet.gd
AUDIT_BEGIN|res://Scripts/Bullets/rubber_bullet.gd
AUDIT_RESULT|OK|res://Scripts/Bullets/rubber_bullet.gd
AUDIT_BEGIN|res://Scripts/Bullets/swap_bullet.gd
AUDIT_RESULT|OK|res://Scripts/Bullets/swap_bullet.gd
AUDIT_BEGIN|res://Scripts/Classes/Attack.gd
AUDIT_RESULT|OK|res://Scripts/Classes/Attack.gd
AUDIT_BEGIN|res://Scripts/Classes/breakable.gd
AUDIT_RESULT|OK|res://Scripts/Classes/breakable.gd
AUDIT_BEGIN|res://Scripts/Classes/level_root.gd
AUDIT_RESULT|OK|res://Scripts/Classes/level_root.gd
AUDIT_BEGIN|res://Scripts/Classes/pickup.gd
AUDIT_RESULT|OK|res://Scripts/Classes/pickup.gd
AUDIT_BEGIN|res://Scripts/Components/health_component.gd
AUDIT_RESULT|OK|res://Scripts/Components/health_component.gd
AUDIT_BEGIN|res://Scripts/Components/hitbox_component.gd
AUDIT_RESULT|OK|res://Scripts/Components/hitbox_component.gd
AUDIT_BEGIN|res://Scripts/Cutscenes/cutscene.gd
AUDIT_RESULT|OK|res://Scripts/Cutscenes/cutscene.gd
AUDIT_BEGIN|res://Scripts/Cutscenes/cutscene_reveal_mask.gd
AUDIT_RESULT|OK|res://Scripts/Cutscenes/cutscene_reveal_mask.gd
AUDIT_BEGIN|res://Scripts/Enemy/enemy.gd
AUDIT_RESULT|OK|res://Scripts/Enemy/enemy.gd
AUDIT_BEGIN|res://Scripts/Enemy/enemy_bullet.gd
AUDIT_RESULT|OK|res://Scripts/Enemy/enemy_bullet.gd
AUDIT_BEGIN|res://Scripts/Enemy/enemy_gag_effect.gd
AUDIT_RESULT|OK|res://Scripts/Enemy/enemy_gag_effect.gd
AUDIT_BEGIN|res://Scripts/Enemy/enemy_shotgun.gd
AUDIT_RESULT|OK|res://Scripts/Enemy/enemy_shotgun.gd
AUDIT_BEGIN|res://Scripts/Environmental/camera_expander.gd
AUDIT_RESULT|OK|res://Scripts/Environmental/camera_expander.gd
AUDIT_BEGIN|res://Scripts/Environmental/centered_parallax.gd
AUDIT_RESULT|OK|res://Scripts/Environmental/centered_parallax.gd
AUDIT_BEGIN|res://Scripts/Environmental/death_zone.gd
AUDIT_RESULT|OK|res://Scripts/Environmental/death_zone.gd
AUDIT_BEGIN|res://Scripts/Environmental/flame_field.gd
AUDIT_RESULT|OK|res://Scripts/Environmental/flame_field.gd
AUDIT_BEGIN|res://Scripts/Environmental/gag_destroy_box.gd
AUDIT_RESULT|OK|res://Scripts/Environmental/gag_destroy_box.gd
AUDIT_BEGIN|res://Scripts/Environmental/spikes.gd
AUDIT_RESULT|OK|res://Scripts/Environmental/spikes.gd
AUDIT_BEGIN|res://Scripts/Levels/lvl_01.gd
AUDIT_RESULT|OK|res://Scripts/Levels/lvl_01.gd
AUDIT_BEGIN|res://Scripts/Levels/playground.gd
AUDIT_RESULT|OK|res://Scripts/Levels/playground.gd
AUDIT_BEGIN|res://Scripts/Managers/ActManager.gd
AUDIT_RESULT|OK|res://Scripts/Managers/ActManager.gd
AUDIT_BEGIN|res://Scripts/Managers/bullet_bus.gd
AUDIT_RESULT|OK|res://Scripts/Managers/bullet_bus.gd
AUDIT_BEGIN|res://Scripts/Managers/game_manager.gd
AUDIT_RESULT|OK|res://Scripts/Managers/game_manager.gd
AUDIT_BEGIN|res://Scripts/Managers/music_manager.gd
AUDIT_RESULT|OK|res://Scripts/Managers/music_manager.gd
AUDIT_BEGIN|res://Scripts/Managers/score_bus.gd
AUDIT_RESULT|OK|res://Scripts/Managers/score_bus.gd
AUDIT_BEGIN|res://Scripts/Managers/settings_manager.gd
AUDIT_RESULT|OK|res://Scripts/Managers/settings_manager.gd
AUDIT_BEGIN|res://Scripts/Menus/act_score_screen.gd
AUDIT_RESULT|OK|res://Scripts/Menus/act_score_screen.gd
AUDIT_BEGIN|res://Scripts/Menus/act_select.gd
AUDIT_RESULT|OK|res://Scripts/Menus/act_select.gd
AUDIT_BEGIN|res://Scripts/Menus/credits.gd
AUDIT_RESULT|OK|res://Scripts/Menus/credits.gd
AUDIT_BEGIN|res://Scripts/Menus/end_of_act.gd
AUDIT_RESULT|OK|res://Scripts/Menus/end_of_act.gd
AUDIT_BEGIN|res://Scripts/Menus/MainMenu/menu.gd
AUDIT_RESULT|OK|res://Scripts/Menus/MainMenu/menu.gd
AUDIT_BEGIN|res://Scripts/Menus/MainMenu/profile_menu.gd
AUDIT_RESULT|OK|res://Scripts/Menus/MainMenu/profile_menu.gd
AUDIT_BEGIN|res://Scripts/Menus/MainMenu/statistics.gd
AUDIT_RESULT|OK|res://Scripts/Menus/MainMenu/statistics.gd
AUDIT_BEGIN|res://Scripts/Menus/MainMenu/Options/aim_speed_slider.gd
AUDIT_RESULT|OK|res://Scripts/Menus/MainMenu/Options/aim_speed_slider.gd
AUDIT_BEGIN|res://Scripts/Menus/MainMenu/Options/chamber_scale_option.gd
AUDIT_RESULT|OK|res://Scripts/Menus/MainMenu/Options/chamber_scale_option.gd
AUDIT_BEGIN|res://Scripts/Menus/MainMenu/Options/skip_cutscenes_toggle.gd
AUDIT_RESULT|OK|res://Scripts/Menus/MainMenu/Options/skip_cutscenes_toggle.gd
AUDIT_BEGIN|res://Scripts/Menus/MainMenu/Options/skip_tutorial_toggle.gd
AUDIT_RESULT|OK|res://Scripts/Menus/MainMenu/Options/skip_tutorial_toggle.gd
AUDIT_BEGIN|res://Scripts/Menus/MainMenu/Options/volume_slider.gd
AUDIT_RESULT|OK|res://Scripts/Menus/MainMenu/Options/volume_slider.gd
AUDIT_BEGIN|res://Scripts/Menus/OptionsMenu/key_bindings.gd
AUDIT_RESULT|OK|res://Scripts/Menus/OptionsMenu/key_bindings.gd
AUDIT_BEGIN|res://Scripts/Menus/OptionsMenu/options_pause_menu.gd
AUDIT_RESULT|OK|res://Scripts/Menus/OptionsMenu/options_pause_menu.gd
AUDIT_BEGIN|res://Scripts/Menus/PauseMenu/pause_menu.gd
AUDIT_RESULT|OK|res://Scripts/Menus/PauseMenu/pause_menu.gd
AUDIT_BEGIN|res://Scripts/Objects/boulder.gd
AUDIT_RESULT|OK|res://Scripts/Objects/boulder.gd
AUDIT_BEGIN|res://Scripts/Objects/bouncy_burst.gd
AUDIT_RESULT|OK|res://Scripts/Objects/bouncy_burst.gd
AUDIT_BEGIN|res://Scripts/Objects/bouncy_lock_box.gd
AUDIT_RESULT|OK|res://Scripts/Objects/bouncy_lock_box.gd
AUDIT_BEGIN|res://Scripts/Objects/dynamite.gd
AUDIT_RESULT|OK|res://Scripts/Objects/dynamite.gd
AUDIT_BEGIN|res://Scripts/Objects/fuse_tilemap.gd
AUDIT_RESULT|OK|res://Scripts/Objects/fuse_tilemap.gd
AUDIT_BEGIN|res://Scripts/Objects/key.gd
AUDIT_RESULT|OK|res://Scripts/Objects/key.gd
AUDIT_BEGIN|res://Scripts/Objects/lock_box.gd
AUDIT_RESULT|OK|res://Scripts/Objects/lock_box.gd
AUDIT_BEGIN|res://Scripts/Objects/rope_tilemap.gd
AUDIT_RESULT|OK|res://Scripts/Objects/rope_tilemap.gd
AUDIT_BEGIN|res://Scripts/Player/player.gd
AUDIT_RESULT|OK|res://Scripts/Player/player.gd
AUDIT_BEGIN|res://Scripts/PowerUps/bullet_swap.gd
AUDIT_RESULT|OK|res://Scripts/PowerUps/bullet_swap.gd
AUDIT_BEGIN|res://Scripts/PowerUps/chamber_swap.gd
AUDIT_RESULT|OK|res://Scripts/PowerUps/chamber_swap.gd
AUDIT_BEGIN|res://Scripts/UI/button_text_shadow.gd
AUDIT_RESULT|OK|res://Scripts/UI/button_text_shadow.gd
AUDIT_BEGIN|res://Scripts/UI/full_controls.gd
AUDIT_RESULT|OK|res://Scripts/UI/full_controls.gd
AUDIT_BEGIN|res://Scripts/UI/key_indicator.gd
AUDIT_RESULT|OK|res://Scripts/UI/key_indicator.gd
AUDIT_BEGIN|res://Scripts/UI/mouse_reticle.gd
AUDIT_RESULT|OK|res://Scripts/UI/mouse_reticle.gd
AUDIT_BEGIN|res://Scripts/UI/restart_hint.gd
AUDIT_RESULT|OK|res://Scripts/UI/restart_hint.gd
AUDIT_BEGIN|res://Scripts/UI/world_action_hint.gd
AUDIT_RESULT|OK|res://Scripts/UI/world_action_hint.gd
AUDIT_BEGIN|res://Scripts/UI/Chamber/bullet_chamber.gd
AUDIT_RESULT|OK|res://Scripts/UI/Chamber/bullet_chamber.gd
AUDIT_BEGIN|res://Scripts/UI/Score/score_board.gd
AUDIT_RESULT|OK|res://Scripts/UI/Score/score_board.gd
AUDIT_BEGIN|res://Scripts/UI/Score/score_label.gd
AUDIT_RESULT|OK|res://Scripts/UI/Score/score_label.gd
AUDIT_BEGIN|res://Scripts/UI/Score/score_summary.gd
AUDIT_RESULT|OK|res://Scripts/UI/Score/score_summary.gd
