Godot Engine v4.7.2.stable.official.ed1daf0bf - https://godotengine.org

ERROR: Failed to read the root certificate store.
   at: get_system_ca_certificates (platform/windows/os_windows.cpp:2582)
[   0% ] first_scan_filesystem | Started Project initialization (5 steps)
[   0% ] first_scan_filesystem | Scanning file structure...
[  16% ] first_scan_filesystem | Loading global class names...
[  33% ] first_scan_filesystem | Verifying GDExtensions...
[  50% ] first_scan_filesystem | Creating autoload scripts...
ERROR: Attempt to open script 'res://Scripts/Objects/bullet_bus.gd' resulted in error 'File not found'.
   at: load_source_code (modules/gdscript/gdscript.cpp:1139)
ERROR: Failed loading resource: res://Scripts/Objects/bullet_bus.gd.
   at: _load (core/io/resource_loader.cpp:317)
ERROR: Failed to create an autoload, can't load from UID or path: res://Scripts/Objects/bullet_bus.gd.
   at: _create_autoload (editor/settings/editor_autoload_settings.cpp:336)
ERROR: Attempt to open script 'res://Scripts/score_bus.gd' resulted in error 'File not found'.
   at: load_source_code (modules/gdscript/gdscript.cpp:1139)
ERROR: Failed loading resource: res://Scripts/score_bus.gd.
   at: _load (core/io/resource_loader.cpp:317)
ERROR: Failed to create an autoload, can't load from UID or path: res://Scripts/score_bus.gd.
   at: _create_autoload (editor/settings/editor_autoload_settings.cpp:336)
ERROR: Attempt to open script 'res://Scripts/music_manager.gd' resulted in error 'File not found'.
   at: load_source_code (modules/gdscript/gdscript.cpp:1139)
ERROR: Failed loading resource: res://Scripts/music_manager.gd.
   at: _load (core/io/resource_loader.cpp:317)
ERROR: Failed to create an autoload, can't load from UID or path: res://Scripts/music_manager.gd.
   at: _create_autoload (editor/settings/editor_autoload_settings.cpp:336)
ERROR: Attempt to open script 'res://Scripts/settings_manager.gd' resulted in error 'File not found'.
   at: load_source_code (modules/gdscript/gdscript.cpp:1139)
ERROR: Failed loading resource: res://Scripts/settings_manager.gd.
   at: _load (core/io/resource_loader.cpp:317)
ERROR: Failed to create an autoload, can't load from UID or path: res://Scripts/settings_manager.gd.
   at: _create_autoload (editor/settings/editor_autoload_settings.cpp:336)
ERROR: Attempt to open script 'res://Scripts/ActManager.gd' resulted in error 'File not found'.
   at: load_source_code (modules/gdscript/gdscript.cpp:1139)
ERROR: Failed loading resource: res://Scripts/ActManager.gd.
   at: _load (core/io/resource_loader.cpp:317)
ERROR: Failed to create an autoload, can't load from UID or path: res://Scripts/ActManager.gd.
   at: _create_autoload (editor/settings/editor_autoload_settings.cpp:336)
[  66% ] first_scan_filesystem | Initializing plugins...
[  83% ] first_scan_filesystem | Starting file scan...
[ DONE ] first_scan_filesystem

[   0% ] update_scripts_classes | Started Registering global classes... (34 steps)
[   0% ] update_scripts_classes | HealthComponent
[   2% ] update_scripts_classes | 
[   5% ] update_scripts_classes | 
[   8% ] update_scripts_classes | 
[  11% ] update_scripts_classes | 
[  14% ] update_scripts_classes | 
[  17% ] update_scripts_classes | 
[  20% ] update_scripts_classes | 
[  22% ] update_scripts_classes | 
[  25% ] update_scripts_classes | 
[  28% ] update_scripts_classes | 
[  31% ] update_scripts_classes | 
[  34% ] update_scripts_classes | 
[  37% ] update_scripts_classes | 
[  40% ] update_scripts_classes | 
[  42% ] update_scripts_classes | 
[  45% ] update_scripts_classes | 
[  48% ] update_scripts_classes | 
[  51% ] update_scripts_classes | 
[  54% ] update_scripts_classes | 
[  57% ] update_scripts_classes | 
[  60% ] update_scripts_classes | 
[  62% ] update_scripts_classes | 
[  65% ] update_scripts_classes | 
[  68% ] update_scripts_classes | 
[  71% ] update_scripts_classes | 
[  74% ] update_scripts_classes | 
[  77% ] update_scripts_classes | 
[  80% ] update_scripts_classes | 
[  82% ] update_scripts_classes | 
[  85% ] update_scripts_classes | 
[  88% ] update_scripts_classes | 
[  91% ] update_scripts_classes | 
[  94% ] update_scripts_classes | 
[ DONE ] update_scripts_classes

[   0% ] loading_editor_layout | Started Loading editor (5 steps)
[   0% ] loading_editor_layout | Loading editor layout...
[  16% ] loading_editor_layout | Loading docks...
[  33% ] loading_editor_layout | Reopening scenes...
[  50% ] loading_editor_layout | Loading central editor layout...
[  66% ] loading_editor_layout | Loading plugin window layout...
[  83% ] loading_editor_layout | Editor layout ready.
[ DONE ] loading_editor_layout

ERROR: Cannot save file 'C:/Users/ETG17/AppData/Roaming/Godot/editor_settings-4.7.tres'.
   at: save (scene/resources/resource_format_text.cpp:1768)
ERROR: Error saving editor settings to C:/Users/ETG17/AppData/Roaming/Godot/editor_settings-4.7.tres
   at: save (editor/settings/editor_settings.cpp:1525)
